e:\pessoal\arquivos\lockdown protocol\strinova\imgui directx 11 kiero hook\x64\release\crashlog.obj
e:\pessoal\arquivos\lockdown protocol\strinova\imgui directx 11 kiero hook\x64\release\imgui_impl_win32.obj
e:\pessoal\arquivos\lockdown protocol\strinova\imgui directx 11 kiero hook\x64\release\worlditem_functions.obj
e:\pessoal\arquivos\lockdown protocol\strinova\imgui directx 11 kiero hook\x64\release\imgui_draw.obj
e:\pessoal\arquivos\lockdown protocol\strinova\imgui directx 11 kiero hook\x64\release\engine_functions.obj
e:\pessoal\arquivos\lockdown protocol\strinova\imgui directx 11 kiero hook\x64\release\imgui_impl_dx11.obj
e:\pessoal\arquivos\lockdown protocol\strinova\imgui directx 11 kiero hook\x64\release\draw.obj
e:\pessoal\arquivos\lockdown protocol\strinova\imgui directx 11 kiero hook\x64\release\basic.obj
e:\pessoal\arquivos\lockdown protocol\strinova\imgui directx 11 kiero hook\x64\release\imgui.obj
e:\pessoal\arquivos\lockdown protocol\strinova\imgui directx 11 kiero hook\x64\release\kiero.obj
e:\pessoal\arquivos\lockdown protocol\strinova\imgui directx 11 kiero hook\x64\release\imgui_widgets.obj
e:\pessoal\arquivos\lockdown protocol\strinova\imgui directx 11 kiero hook\x64\release\mec_functions.obj
e:\pessoal\arquivos\lockdown protocol\strinova\imgui directx 11 kiero hook\x64\release\render.obj
e:\pessoal\arquivos\lockdown protocol\strinova\imgui directx 11 kiero hook\x64\release\imgui_demo.obj
e:\pessoal\arquivos\lockdown protocol\strinova\imgui directx 11 kiero hook\x64\release\coreuobject_functions.obj
e:\pessoal\arquivos\lockdown protocol\strinova\imgui directx 11 kiero hook\x64\release\main.obj
e:\pessoal\arquivos\lockdown protocol\strinova\imgui directx 11 kiero hook\x64\release\vc143.pdb
e:\pessoal\arquivos\lockdown protocol\strinova\imgui directx 11 kiero hook\x64\release\hook.obj
e:\pessoal\arquivos\lockdown protocol\strinova\imgui directx 11 kiero hook\x64\release\buffer.obj
e:\pessoal\arquivos\lockdown protocol\strinova\imgui directx 11 kiero hook\x64\release\trampoline.obj
e:\pessoal\arquivos\lockdown protocol\strinova\imgui directx 11 kiero hook\x64\release\hde64.obj
e:\pessoal\arquivos\lockdown protocol\strinova\imgui directx 11 kiero hook\x64\release\hde32.obj
e:\pessoal\arquivos\lockdown protocol\strinova\x64\release\d3dgear64.dll
e:\pessoal\arquivos\lockdown protocol\strinova\x64\release\d3dgear64.pdb
e:\pessoal\arquivos\lockdown protocol\strinova\imgui directx 11 kiero hook\x64\release\minhook.res
e:\pessoal\arquivos\lockdown protocol\strinova\imgui directx 11 kiero hook\x64\release\d3dgear64.ipdb
e:\pessoal\arquivos\lockdown protocol\strinova\imgui directx 11 kiero hook\x64\release\d3dgear64.iobj
e:\pessoal\arquivos\lockdown protocol\strinova\imgui directx 11 kiero hook\x64\release\fl84-k1nger0tt.tlog\cl.command.1.tlog
e:\pessoal\arquivos\lockdown protocol\strinova\imgui directx 11 kiero hook\x64\release\fl84-k1nger0tt.tlog\cl.items.tlog
e:\pessoal\arquivos\lockdown protocol\strinova\imgui directx 11 kiero hook\x64\release\fl84-k1nger0tt.tlog\cl.read.1.tlog
e:\pessoal\arquivos\lockdown protocol\strinova\imgui directx 11 kiero hook\x64\release\fl84-k1nger0tt.tlog\cl.write.1.tlog
e:\pessoal\arquivos\lockdown protocol\strinova\imgui directx 11 kiero hook\x64\release\fl84-k1nger0tt.tlog\link.command.1.tlog
e:\pessoal\arquivos\lockdown protocol\strinova\imgui directx 11 kiero hook\x64\release\fl84-k1nger0tt.tlog\link.read.1.tlog
e:\pessoal\arquivos\lockdown protocol\strinova\imgui directx 11 kiero hook\x64\release\fl84-k1nger0tt.tlog\link.secondary.1.tlog
e:\pessoal\arquivos\lockdown protocol\strinova\imgui directx 11 kiero hook\x64\release\fl84-k1nger0tt.tlog\link.write.1.tlog
e:\pessoal\arquivos\lockdown protocol\strinova\imgui directx 11 kiero hook\x64\release\fl84-k1nger0tt.tlog\rc.command.1.tlog
e:\pessoal\arquivos\lockdown protocol\strinova\imgui directx 11 kiero hook\x64\release\fl84-k1nger0tt.tlog\rc.read.1.tlog
e:\pessoal\arquivos\lockdown protocol\strinova\imgui directx 11 kiero hook\x64\release\fl84-k1nger0tt.tlog\rc.write.1.tlog
